
<!DOCTYPE html>
<html>
<head>
	<meta http-equiv="Content-Type" content="text/html; charset=utf-8" />
	<meta name="viewport" content="width=device-width, initial-scale=1">
	<title>Golden</title>
	<link rel="stylesheet" type="text/css" href="css/normalize.css"/>
	<link rel="stylesheet" type="text/css" href="css/bootstrap.min.css">
	<link rel="stylesheet" type="text/css" href="css/bootstrap-theme.min.css">
	<link rel="stylesheet" type="text/css" href="css/style.css"/>
</head>
<body>

<header>
	<div class="container">
		<div class="row">

				<nav class="navbar">
		  		<div class="container">
						<div class="navbar-header">
								<a class="navbar-brand" href="#">
									<img src="images/logo.png" alt="logo">
								</a>
								<button type="button" class="navbar-toggle glyphicon glyphicon-align-justify" data-toggle="collapse" data-target="#responsive-menu"></button>
						</div>

						<div class="text-center collapse navbar-collapse" id="responsive-menu">
							<ul class="nav navbar-nav">
								<li><a href="#">Home</a></li>
								<li><a href="#">Services</a></li>
								<li><a href="#">Portfolio</a></li>
								<li><a href="#">About</a></li>
								<li><a href="#">Contact</a></li>
							</ul>
						</div>

					</div>
				</nav>

				<span>Welcome To Our Studio!</span>
				<h1>Itâ€™s nice to Meet you</h1>
				<button type="button">Tell Me More</button>

		</div>
	</div>
</header>

	<div class="services">
		<div class="container">
			<div class="row">
				<h2>Services</h2>
				<p>Proin iaculis purus consequat sem cure. </p>
				<div class="col-md-4 block">
					<img src="images/services1.png" alt="services1">
					<p>E-Commerce</p>
					<span>Proin iaculis purus consequat sem cure digni ssim. Donec porttitora entum suscipit aenean rhoncus posuere odio in tincidunt.</span>
				</div>
				<div class="col-md-4 block">
					<img src="images/services2.png" alt="services2">
					<p>Responsive Web</p>
					<span>Proin iaculis purus consequat sem cure digni ssim. Donec porttitora entum suscipit aenean rhoncus posuere odio in tincidunt.</span>
				</div>
				<div class="col-md-4 block">
					<img src="images/services3.png" alt="services3">
					<p>Web Security</p>
					<span>Proin iaculis purus consequat sem cure digni ssim. Donec porttitora entum suscipit aenean rhoncus posuere odio in tincidunt.</span>
				</div>
			</div>
		</div>
	</div>

	<div class="portfolio">
		<div class="container ramka">
			<h2>Our portfolio</h2>
			<p>Proin iaculis purus consequat sem cure.</p>
			<div class="row">
				<div class="col-md-4 col-sm-6 col-xs-12 block">
					<div class="serv-block">
						<img src="images/portfolio1.jpg" alt="portfolio1" class="img-responsive">
						<p>Ebony & Ivory</p>
						<span>Branding</span>
					</div>
				</div>
				<div class="col-md-4 col-sm-6 col-xs-12 block">
					<div class="serv-block">
						<img src="images/portfolio2.jpg" alt="portfolio2" class="img-responsive">
						<p>Smart Stationary</p>
						<span>Print Design</span>
					</div>
				</div>
				<div class="col-md-4 col-sm-6 col-xs-12 block">
					<div class="serv-block">
						<img src="images/portfolio3.jpg" alt="portfolio3" class="img-responsive">
						<p>Smart Stationary</p>
						<span>Print Design</span>
					</div>
				</div>
				<div class="col-md-4 col-sm-6 col-xs-12 block">
					<div class="serv-block">
						<img src="images/portfolio4.jpg" alt="portfolio4" class="img-responsive">
						<p>Vinyl Record</p>
						<span>Product Mock-Up</span>
					</div>
				</div>
				<div class="col-md-4 col-sm-6 col-xs-12 block">
					<div class="serv-block">
						<img src="images/portfolio5.jpg" alt="portfolio5" class="img-responsive">
						<p>Treehouse Template</p>
						<span>Web Design</span>
					</div>
				</div>
				<div class="col-md-4 col-sm-6 col-xs-12 block">
					<div class="serv-block">
						<img src="images/portfolio6.jpg" alt="portfolio6" class="img-responsive">
						<p>Burned Logo</p>
						<span>Branding</span>
					</div>
				</div>
			</div>
		</div>
	</div>

	<div class="about_us">
		<div class="container">
			<div class="row clearfix">
				<h2>About Us</h2>
				<p>Proin iaculis purus consequat sem cure. </p>
			</div>

				<div class="row line-right">
				<div class="col-md-4 visible-sm visible-xs">
					<img src="images/about1.png" alt="about1">
				</div>
				<div class="col-md-4">
					<div class="date">
						<p>July 2010</p>
					</div>
					<p>Our Humble Beginnings</p>
					<span>Proin iaculis purus consequat sem cure digni ssim. Donec porttitora entum suscipit aenean rhoncus posuere odio in tincidunt. Proin iaculis purus consequat sem cure digni ssim. Donec porttitora entum suscipit.</span>
				</div>
				<div class="col-md-4 visible-md visible-lg">
					<img src="images/about1.png" alt="about1">
				</div>
				<div class="col-md-4">
				</div>
				</div>

				<div class="row line-left">
				<div class="col-md-4">
				</div>
				<div class="col-md-4">
					<img src="images/about2.png" alt="about2">
				</div>
				<div class="col-md-4">
					<div class="date">
						<p>January 2011</p>
					</div>
					<p>Facing Startup Battles</p>
					<span>Proin iaculis purus consequat sem cure digni ssim. Donec porttitora entum suscipit aenean rhoncus posuere odio in tincidunt. Proin iaculis purus consequat sem cure digni ssim. Donec porttitora entum suscipit aenean rhoncus posuere odio in tincidunt.</span>
				</div>
				</div>

				<div class="row line-right">
				<div class="col-md-4 visible-sm visible-xs">
					<img src="images/about1.png" alt="about1">
				</div>
				<div class="col-md-4">
					<div class="date">
						<p>December 2012</p>
					</div>
					<p>Enter The Dark Days</p>
					<span>Proin iaculis purus consequat sem cure digni ssim. Donec porttitora entum suscipit aenean rhoncus posuere odio in tincidunt. Proin iaculis purus consequat sem cure digni.</span>
				</div>
				<div class="col-md-4 visible-md visible-lg">
					<img src="images/about3.png" alt="about3">
				</div>
				<div class="col-md-4">
				</div>
				</div>

				<div class="row line-left">
				<div class="col-md-4">
				</div>
				<div class="col-md-4">
					<img src="images/about4.png" alt="about4">
				</div>
				<div class="col-md-4">
					<div class="date">
						<p>february 2014</p>
					</div>
					<p>Our Triumph</p>
					<span>Proin iaculis purus consequat sem cure digni ssim. Donec porttitora entum suscipit aenean rhoncus posuere odio in tincidunt. Proin iaculis purus consequat sem cure digni ssim. Donec porttitora entum suscipit aenean.</span>
				</div>
				</div>

				<div class="row center">
				<div class="col-md-4">
				</div>
				<div class="col-md-4">
					<img src="images/about5.png" alt="about4">
				</div>
				</div>



		</div>
	</div>

	<div class="amazing">
		<div class="container">
			<div class="row clearfix">
				<h2>our amazing team</h2>
				<p>Proin iaculis purus consequat sem cure. </p>

					<div class="col-md-4 block">
						<img src="images/amazing_elipse.png" alt="elipse1">
						<div class="text">
							<p>Kimberly Thompson</p>
							<span>Marketer</span>
						</div>
						<div class="social1"></div>
						<div class="social2"></div>
						<div class="social3"></div>
					</div>
					<div class="col-md-4 block">
						<img src="images/amazing_elipse.png" alt="elipse2">
						<div class="text">
							<p>Rico Massimo</p>
							<span>Coder</span>
						</div>
						<div class="social1"></div>
						<div class="social2"></div>
						<div class="social4"></div>
					</div>
					<div class="col-md-4 block">
						<img src="images/amazing_elipse.png" alt="elipse3">
						<div class="text">
							<p>Uku Mason</p>
							<span>Graphic Designer</span>
						</div>
						<div class="social1"></div>
						<div class="social3"></div>
					</div>
					<div class="amasing_text">
						<p>Proin iaculis purus consequat sem cure  digni ssim donec porttitora entum suscipit aenean rhoncus posuere odio in tincidunt proin iaculis.</p>
					</div>
			</div>
		</div>
	</div>

	<div class="sponsors">
		<img src="images/amazing1.jpg" alt="amazing1">
		<img src="images/amazing2.jpg" alt="amazing2">
		<img src="images/amazing3.jpg" alt="amazing3">
		<img src="images/amazing4.jpg" alt="amazing4">
	</div>

	<div class="contact">
		<div class="container">
			<div class="row clearfix">
				<h2>Contact us</h2>
				<p>Proin iaculis purus consequat sem cure. </p>
					<div class="col-md-6">
						<div class="form-group forma">
							<input type="text" class="form-control" placeholder="your Name *">
						</div>
						<div class="form-group forma">
							<input type="text" class="form-control" placeholder="your e-mail *">
						</div>
						<div class="form-group forma">
							<input type="text" class="form-control" placeholder="subject">
						</div>
					</div>
					<div class="col-md-6 forma">
						<textarea class="form-control" placeholder="Your message *"></textarea>
					</div>
				</div>
				<div class="row clearfix">
					<button type="button">Send Message</button>
				</div>
			</div>
		</div>

	 	<div class="footer">
			<div class="container">
				<div class="row clearfix">
					<div class="col-md-12 col-xs-12 social">
						<div class="social1"></div>
						<div class="social2"></div>
						<div class="social3"></div>
						<div class="social4"></div>
					</div>
				</div>
			</div>
	 	</div>

	<script src="https://ajax.googleapis.com/ajax/libs/jquery/2.1.3/jquery.min.js"></script>
	<script src="js/bootstrap.min.js" type="text/javascript"> </script>
</body>
</html>
